
[  ]

module FOOBAR
  sort SortK {  } [  ]
  sort SortKItem {  } [  ]
  sort SortFoo {  } [  ]
  symbol inj { From , To } ( From ) : To [  ]
  symbol dotk {  } (  ) : SortK {  } [  ]
  symbol dummy {  } (  ) : SortKItem {  } [  ]
  symbol kseq {  } ( SortKItem {  } , SortK {  } ) : SortK {  } [  ]
  symbol Lblbar'Unds'FOOBAR'Unds' {  } (  ) : SortFoo {  } [  ]
  symbol Lblbuzz'Unds'FOOBAR'Unds' {  } (  ) : SortFoo {  } [  ]
  
endmodule [  ]

  
